-1
-1
16
8
-1
-1
-1
-1
-1
17
-1
-1
-1
-1
-1
28
-1
15
1
-1
7
10
-1
8
25
19
-1
-1
11
-1
-1
-1
-1
12
13
-1
29
15
1
18