Case #1: 1234567891011121314
Case #2: 2345678
Case #3: 285286287
Case #4: 10001001
Case #5: 42134214
