Case #1: 9101112
Case #2: 12351236
Case #3: 567
Case #4: 7891011
Case #5: 1234567
Case #6: 9899100
Case #7: 1234567
Case #8: 10001001
Case #9: 5678910
Case #10: 1234567