4 1 6 3 2 5 
3 1 4 5 2 
2 1 4 3 
3 1 2 
2 1 
9 1 8 5 2 4 7 6 3 10 
